// Jest Snapshot v1, https://goo.gl/fbAQLP

exports[`Footer component matches snapshot 1`] = `
<DocumentFragment>
  <footer
    class="footer"
  >
    <div
      class="footer-container"
    >
      <div
        class="footer-section"
      >
        <h3>
          Information
        </h3>
        <ul>
          <li>
            <a
              href="#"
            >
              About Us
            </a>
          </li>
          <li>
            <a
              href="#"
            >
              More Search
            </a>
          </li>
          <li>
            <a
              href="#"
            >
              Blog
            </a>
          </li>
          <li>
            <a
              href="#"
            >
              Testimonials
            </a>
          </li>
          <li>
            <a
              href="#"
            >
              Events
            </a>
          </li>
        </ul>
      </div>
      <div
        class="footer-section"
      >
        <h3>
          Helpful Links
        </h3>
        <ul>
          <li>
            <a
              href="#"
            >
              Services
            </a>
          </li>
          <li>
            <a
              href="#"
            >
              Supports
            </a>
          </li>
          <li>
            <a
              href="#"
            >
              Terms & Condition
            </a>
          </li>
          <li>
            <a
              href="#"
            >
              Privacy Policy
            </a>
          </li>
        </ul>
      </div>
      <div
        class="footer-section"
      >
        <h3>
          Our Services
        </h3>
        <ul>
          <li>
            <a
              href="#"
            >
              Brands list
            </a>
          </li>
          <li>
            <a
              href="#"
            >
              Order
            </a>
          </li>
          <li>
            <a
              href="#"
            >
              Return & Exchange
            </a>
          </li>
          <li>
            <a
              href="#"
            >
              Fashion list
            </a>
          </li>
          <li>
            <a
              href="#"
            >
              Blog
            </a>
          </li>
        </ul>
      </div>
      <div
        class="footer-section"
      >
        <h3>
          Contact Us
        </h3>
        <ul>
          <li>
            <i
              class="fa fa-phone"
            />
             +91 9999 999 999
          </li>
          <li>
            <i
              class="fa fa-envelope"
            />
             youremailid.com
          </li>
          <li
            class="social-icons"
          >
            <a
              href="#"
            >
              <i
                class="fa fa-facebook"
              />
            </a>
            <a
              href="#"
            >
              <i
                class="fa fa-google-plus"
              />
            </a>
            <a
              href="#"
            >
              <i
                class="fa fa-twitter"
              />
            </a>
            <a
              href="#"
            >
              <i
                class="fa fa-instagram"
              />
            </a>
          </li>
        </ul>
      </div>
    </div>
    <div
      class="footer-bottom"
    >
      <p>
        Â© 2018 @ company.Ltd. | All Rights Reserved
      </p>
      <ul
        class="footer-links"
      >
        <li>
          <a
            href="#"
          >
            FAQ
          </a>
        </li>
        <li>
          <a
            href="#"
          >
            Privacy
          </a>
        </li>
        <li>
          <a
            href="#"
          >
            Terms & Condition
          </a>
        </li>
      </ul>
    </div>
  </footer>
</DocumentFragment>
`;
